// Jest Snapshot v1, https://goo.gl/fbAQLP

exports[`SignUpPage should match the snapShot 1`] = `
ShallowWrapper {
  "length": 1,
  Symbol(enzyme.__root__): [Circular],
  Symbol(enzyme.__unrendered__): <SignUpPage />,
  Symbol(enzyme.__renderer__): Object {
    "batchedUpdates": [Function],
    "getNode": [Function],
    "render": [Function],
    "simulateEvent": [Function],
    "unmount": [Function],
  },
  Symbol(enzyme.__node__): Object {
    "instance": null,
    "key": undefined,
    "nodeType": "host",
    "props": Object {
      "children": Array [
        <h1>
          SignUp
</h1>,
        <form
          className="signup-form"
          onSubmit={[Function]}
>
          Username:
          <input
                    name="username"
                    onChange={[Function]}
                    placeholder="Full Name"
                    type="text"
                    value=""
          />
          Email:
          <input
                    name="email"
                    onChange={[Function]}
                    placeholder="Email Address"
                    type="text"
                    value=""
          />
          Password:
          <input
                    name="passwordOne"
                    onChange={[Function]}
                    placeholder="Password"
                    type="password"
                    value=""
          />
          Confirm Password:
          <input
                    name="passwordTwo"
                    onChange={[Function]}
                    placeholder="Confirm Password"
                    type="password"
                    value=""
          />
          <button
                    disabled={true}
                    type="submit"
          >
                    Sign Up
          </button>
          <p />
</form>,
      ],
      "className": "sign-up",
    },
    "ref": null,
    "rendered": Array [
      Object {
        "instance": null,
        "key": undefined,
        "nodeType": "host",
        "props": Object {
          "children": "SignUp",
        },
        "ref": null,
        "rendered": "SignUp",
        "type": "h1",
      },
      Object {
        "instance": null,
        "key": undefined,
        "nodeType": "host",
        "props": Object {
          "children": Array [
            "Username:",
            <input
              name="username"
              onChange={[Function]}
              placeholder="Full Name"
              type="text"
              value=""
/>,
            "Email:",
            <input
              name="email"
              onChange={[Function]}
              placeholder="Email Address"
              type="text"
              value=""
/>,
            "Password:",
            <input
              name="passwordOne"
              onChange={[Function]}
              placeholder="Password"
              type="password"
              value=""
/>,
            "Confirm Password:",
            <input
              name="passwordTwo"
              onChange={[Function]}
              placeholder="Confirm Password"
              type="password"
              value=""
/>,
            <button
              disabled={true}
              type="submit"
>
              Sign Up
</button>,
            <p />,
          ],
          "className": "signup-form",
          "onSubmit": [Function],
        },
        "ref": null,
        "rendered": Array [
          "Username:",
          Object {
            "instance": null,
            "key": undefined,
            "nodeType": "host",
            "props": Object {
              "name": "username",
              "onChange": [Function],
              "placeholder": "Full Name",
              "type": "text",
              "value": "",
            },
            "ref": null,
            "rendered": null,
            "type": "input",
          },
          "Email:",
          Object {
            "instance": null,
            "key": undefined,
            "nodeType": "host",
            "props": Object {
              "name": "email",
              "onChange": [Function],
              "placeholder": "Email Address",
              "type": "text",
              "value": "",
            },
            "ref": null,
            "rendered": null,
            "type": "input",
          },
          "Password:",
          Object {
            "instance": null,
            "key": undefined,
            "nodeType": "host",
            "props": Object {
              "name": "passwordOne",
              "onChange": [Function],
              "placeholder": "Password",
              "type": "password",
              "value": "",
            },
            "ref": null,
            "rendered": null,
            "type": "input",
          },
          "Confirm Password:",
          Object {
            "instance": null,
            "key": undefined,
            "nodeType": "host",
            "props": Object {
              "name": "passwordTwo",
              "onChange": [Function],
              "placeholder": "Confirm Password",
              "type": "password",
              "value": "",
            },
            "ref": null,
            "rendered": null,
            "type": "input",
          },
          Object {
            "instance": null,
            "key": undefined,
            "nodeType": "host",
            "props": Object {
              "children": "Sign Up",
              "disabled": true,
              "type": "submit",
            },
            "ref": null,
            "rendered": "Sign Up",
            "type": "button",
          },
          Object {
            "instance": null,
            "key": undefined,
            "nodeType": "host",
            "props": Object {
              "children": null,
            },
            "ref": null,
            "rendered": null,
            "type": "p",
          },
        ],
        "type": "form",
      },
    ],
    "type": "div",
  },
  Symbol(enzyme.__nodes__): Array [
    Object {
      "instance": null,
      "key": undefined,
      "nodeType": "host",
      "props": Object {
        "children": Array [
          <h1>
            SignUp
</h1>,
          <form
            className="signup-form"
            onSubmit={[Function]}
>
            Username:
            <input
                        name="username"
                        onChange={[Function]}
                        placeholder="Full Name"
                        type="text"
                        value=""
            />
            Email:
            <input
                        name="email"
                        onChange={[Function]}
                        placeholder="Email Address"
                        type="text"
                        value=""
            />
            Password:
            <input
                        name="passwordOne"
                        onChange={[Function]}
                        placeholder="Password"
                        type="password"
                        value=""
            />
            Confirm Password:
            <input
                        name="passwordTwo"
                        onChange={[Function]}
                        placeholder="Confirm Password"
                        type="password"
                        value=""
            />
            <button
                        disabled={true}
                        type="submit"
            >
                        Sign Up
            </button>
            <p />
</form>,
        ],
        "className": "sign-up",
      },
      "ref": null,
      "rendered": Array [
        Object {
          "instance": null,
          "key": undefined,
          "nodeType": "host",
          "props": Object {
            "children": "SignUp",
          },
          "ref": null,
          "rendered": "SignUp",
          "type": "h1",
        },
        Object {
          "instance": null,
          "key": undefined,
          "nodeType": "host",
          "props": Object {
            "children": Array [
              "Username:",
              <input
                name="username"
                onChange={[Function]}
                placeholder="Full Name"
                type="text"
                value=""
/>,
              "Email:",
              <input
                name="email"
                onChange={[Function]}
                placeholder="Email Address"
                type="text"
                value=""
/>,
              "Password:",
              <input
                name="passwordOne"
                onChange={[Function]}
                placeholder="Password"
                type="password"
                value=""
/>,
              "Confirm Password:",
              <input
                name="passwordTwo"
                onChange={[Function]}
                placeholder="Confirm Password"
                type="password"
                value=""
/>,
              <button
                disabled={true}
                type="submit"
>
                Sign Up
</button>,
              <p />,
            ],
            "className": "signup-form",
            "onSubmit": [Function],
          },
          "ref": null,
          "rendered": Array [
            "Username:",
            Object {
              "instance": null,
              "key": undefined,
              "nodeType": "host",
              "props": Object {
                "name": "username",
                "onChange": [Function],
                "placeholder": "Full Name",
                "type": "text",
                "value": "",
              },
              "ref": null,
              "rendered": null,
              "type": "input",
            },
            "Email:",
            Object {
              "instance": null,
              "key": undefined,
              "nodeType": "host",
              "props": Object {
                "name": "email",
                "onChange": [Function],
                "placeholder": "Email Address",
                "type": "text",
                "value": "",
              },
              "ref": null,
              "rendered": null,
              "type": "input",
            },
            "Password:",
            Object {
              "instance": null,
              "key": undefined,
              "nodeType": "host",
              "props": Object {
                "name": "passwordOne",
                "onChange": [Function],
                "placeholder": "Password",
                "type": "password",
                "value": "",
              },
              "ref": null,
              "rendered": null,
              "type": "input",
            },
            "Confirm Password:",
            Object {
              "instance": null,
              "key": undefined,
              "nodeType": "host",
              "props": Object {
                "name": "passwordTwo",
                "onChange": [Function],
                "placeholder": "Confirm Password",
                "type": "password",
                "value": "",
              },
              "ref": null,
              "rendered": null,
              "type": "input",
            },
            Object {
              "instance": null,
              "key": undefined,
              "nodeType": "host",
              "props": Object {
                "children": "Sign Up",
                "disabled": true,
                "type": "submit",
              },
              "ref": null,
              "rendered": "Sign Up",
              "type": "button",
            },
            Object {
              "instance": null,
              "key": undefined,
              "nodeType": "host",
              "props": Object {
                "children": null,
              },
              "ref": null,
              "rendered": null,
              "type": "p",
            },
          ],
          "type": "form",
        },
      ],
      "type": "div",
    },
  ],
  Symbol(enzyme.__options__): Object {
    "adapter": ReactSixteenAdapter {
      "options": Object {
        "enableComponentDidUpdateOnSetState": true,
      },
    },
  },
}
`;
