// Jest Snapshot v1, https://goo.gl/fbAQLP

exports[`SingleRecipeContainer should match the snapshot when it has a props object 1`] = `
ShallowWrapper {
  "length": 1,
  Symbol(enzyme.__root__): [Circular],
  Symbol(enzyme.__unrendered__): <SingleRecipeContainer
    recipe={
        Object {
            "id": 666,
            "ingredients": Array [
              "carrot",
              "another carrot",
            ],
            "linkUrl": "www.com",
            "publisher": "some publisher",
            "title": "some title",
          }
    }
/>,
  Symbol(enzyme.__renderer__): Object {
    "batchedUpdates": [Function],
    "getNode": [Function],
    "render": [Function],
    "simulateEvent": [Function],
    "unmount": [Function],
  },
  Symbol(enzyme.__node__): Object {
    "instance": null,
    "key": undefined,
    "nodeType": "host",
    "props": Object {
      "children": Array [
        <h2>
          some title
</h2>,
        <p>
          some publisher
</p>,
        <ul>
          <li>
                    carrot
          </li>
          <li>
                    another carrot
          </li>
</ul>,
        <button
          className="favorite-btn"
          onClick={[Function]}
>
          fav
</button>,
        <a
          href="www.com"
>
          Directions
</a>,
      ],
      "className": "single-recipe",
    },
    "ref": null,
    "rendered": Array [
      Object {
        "instance": null,
        "key": undefined,
        "nodeType": "host",
        "props": Object {
          "children": "some title",
        },
        "ref": null,
        "rendered": "some title",
        "type": "h2",
      },
      Object {
        "instance": null,
        "key": undefined,
        "nodeType": "host",
        "props": Object {
          "children": "some publisher",
        },
        "ref": null,
        "rendered": "some publisher",
        "type": "p",
      },
      Object {
        "instance": null,
        "key": undefined,
        "nodeType": "host",
        "props": Object {
          "children": Array [
            <li>
              carrot
</li>,
            <li>
              another carrot
</li>,
          ],
        },
        "ref": null,
        "rendered": Array [
          Object {
            "instance": null,
            "key": "0",
            "nodeType": "host",
            "props": Object {
              "children": "carrot",
            },
            "ref": null,
            "rendered": "carrot",
            "type": "li",
          },
          Object {
            "instance": null,
            "key": "1",
            "nodeType": "host",
            "props": Object {
              "children": "another carrot",
            },
            "ref": null,
            "rendered": "another carrot",
            "type": "li",
          },
        ],
        "type": "ul",
      },
      Object {
        "instance": null,
        "key": undefined,
        "nodeType": "host",
        "props": Object {
          "children": "fav",
          "className": "favorite-btn",
          "onClick": [Function],
        },
        "ref": null,
        "rendered": "fav",
        "type": "button",
      },
      Object {
        "instance": null,
        "key": undefined,
        "nodeType": "host",
        "props": Object {
          "children": "Directions",
          "href": "www.com",
        },
        "ref": null,
        "rendered": "Directions",
        "type": "a",
      },
    ],
    "type": "div",
  },
  Symbol(enzyme.__nodes__): Array [
    Object {
      "instance": null,
      "key": undefined,
      "nodeType": "host",
      "props": Object {
        "children": Array [
          <h2>
            some title
</h2>,
          <p>
            some publisher
</p>,
          <ul>
            <li>
                        carrot
            </li>
            <li>
                        another carrot
            </li>
</ul>,
          <button
            className="favorite-btn"
            onClick={[Function]}
>
            fav
</button>,
          <a
            href="www.com"
>
            Directions
</a>,
        ],
        "className": "single-recipe",
      },
      "ref": null,
      "rendered": Array [
        Object {
          "instance": null,
          "key": undefined,
          "nodeType": "host",
          "props": Object {
            "children": "some title",
          },
          "ref": null,
          "rendered": "some title",
          "type": "h2",
        },
        Object {
          "instance": null,
          "key": undefined,
          "nodeType": "host",
          "props": Object {
            "children": "some publisher",
          },
          "ref": null,
          "rendered": "some publisher",
          "type": "p",
        },
        Object {
          "instance": null,
          "key": undefined,
          "nodeType": "host",
          "props": Object {
            "children": Array [
              <li>
                carrot
</li>,
              <li>
                another carrot
</li>,
            ],
          },
          "ref": null,
          "rendered": Array [
            Object {
              "instance": null,
              "key": "0",
              "nodeType": "host",
              "props": Object {
                "children": "carrot",
              },
              "ref": null,
              "rendered": "carrot",
              "type": "li",
            },
            Object {
              "instance": null,
              "key": "1",
              "nodeType": "host",
              "props": Object {
                "children": "another carrot",
              },
              "ref": null,
              "rendered": "another carrot",
              "type": "li",
            },
          ],
          "type": "ul",
        },
        Object {
          "instance": null,
          "key": undefined,
          "nodeType": "host",
          "props": Object {
            "children": "fav",
            "className": "favorite-btn",
            "onClick": [Function],
          },
          "ref": null,
          "rendered": "fav",
          "type": "button",
        },
        Object {
          "instance": null,
          "key": undefined,
          "nodeType": "host",
          "props": Object {
            "children": "Directions",
            "href": "www.com",
          },
          "ref": null,
          "rendered": "Directions",
          "type": "a",
        },
      ],
      "type": "div",
    },
  ],
  Symbol(enzyme.__options__): Object {
    "adapter": ReactSixteenAdapter {
      "options": Object {
        "enableComponentDidUpdateOnSetState": true,
      },
    },
  },
}
`;

exports[`SingleRecipeContainer should match the snapshot when props object is empty 1`] = `
ShallowWrapper {
  "length": 1,
  Symbol(enzyme.__root__): [Circular],
  Symbol(enzyme.__unrendered__): <SingleRecipeContainer
    recipe={Object {}}
/>,
  Symbol(enzyme.__renderer__): Object {
    "batchedUpdates": [Function],
    "getNode": [Function],
    "render": [Function],
    "simulateEvent": [Function],
    "unmount": [Function],
  },
  Symbol(enzyme.__node__): Object {
    "instance": null,
    "key": undefined,
    "nodeType": "host",
    "props": Object {},
    "ref": null,
    "rendered": null,
    "type": "p",
  },
  Symbol(enzyme.__nodes__): Array [
    Object {
      "instance": null,
      "key": undefined,
      "nodeType": "host",
      "props": Object {},
      "ref": null,
      "rendered": null,
      "type": "p",
    },
  ],
  Symbol(enzyme.__options__): Object {
    "adapter": ReactSixteenAdapter {
      "options": Object {
        "enableComponentDidUpdateOnSetState": true,
      },
    },
  },
}
`;
