// Jest Snapshot v1, https://goo.gl/fbAQLP

exports[`RecipeDetailsCard should match the snapshot 1`] = `
ShallowWrapper {
  "length": 1,
  Symbol(enzyme.__root__): [Circular],
  Symbol(enzyme.__unrendered__): <RecipeDetailsCard
    addFavorite={[Function]}
    authUser={true}
    id={666}
    ingredients={
        Array [
            "neat ingredients",
          ]
    }
    linkUrl="www.com"
    publisher="neat publisher"
    title="neat test"
/>,
  Symbol(enzyme.__renderer__): Object {
    "batchedUpdates": [Function],
    "getNode": [Function],
    "render": [Function],
    "simulateEvent": [Function],
    "unmount": [Function],
  },
  Symbol(enzyme.__node__): Object {
    "instance": null,
    "key": undefined,
    "nodeType": "host",
    "props": Object {
      "children": Array [
        <h2>
          neat test
</h2>,
        <p>
          neat publisher
</p>,
        <ul>
          <li>
                    neat ingredients
          </li>
</ul>,
        <button
          className="save-recipe-btn"
          disabled={false}
          onClick={[Function]}
>
          Save Recipe
</button>,
        <a
          className="directions-link"
          href="www.com"
>
          Directions
</a>,
      ],
      "className": "recipe-card",
    },
    "ref": null,
    "rendered": Array [
      Object {
        "instance": null,
        "key": undefined,
        "nodeType": "host",
        "props": Object {
          "children": "neat test",
        },
        "ref": null,
        "rendered": "neat test",
        "type": "h2",
      },
      Object {
        "instance": null,
        "key": undefined,
        "nodeType": "host",
        "props": Object {
          "children": "neat publisher",
        },
        "ref": null,
        "rendered": "neat publisher",
        "type": "p",
      },
      Object {
        "instance": null,
        "key": undefined,
        "nodeType": "host",
        "props": Object {
          "children": Array [
            <li>
              neat ingredients
</li>,
          ],
        },
        "ref": null,
        "rendered": Array [
          Object {
            "instance": null,
            "key": "0",
            "nodeType": "host",
            "props": Object {
              "children": "neat ingredients",
            },
            "ref": null,
            "rendered": "neat ingredients",
            "type": "li",
          },
        ],
        "type": "ul",
      },
      Object {
        "instance": null,
        "key": undefined,
        "nodeType": "host",
        "props": Object {
          "children": "Save Recipe",
          "className": "save-recipe-btn",
          "disabled": false,
          "onClick": [Function],
        },
        "ref": null,
        "rendered": "Save Recipe",
        "type": "button",
      },
      Object {
        "instance": null,
        "key": undefined,
        "nodeType": "host",
        "props": Object {
          "children": "Directions",
          "className": "directions-link",
          "href": "www.com",
        },
        "ref": null,
        "rendered": "Directions",
        "type": "a",
      },
    ],
    "type": "div",
  },
  Symbol(enzyme.__nodes__): Array [
    Object {
      "instance": null,
      "key": undefined,
      "nodeType": "host",
      "props": Object {
        "children": Array [
          <h2>
            neat test
</h2>,
          <p>
            neat publisher
</p>,
          <ul>
            <li>
                        neat ingredients
            </li>
</ul>,
          <button
            className="save-recipe-btn"
            disabled={false}
            onClick={[Function]}
>
            Save Recipe
</button>,
          <a
            className="directions-link"
            href="www.com"
>
            Directions
</a>,
        ],
        "className": "recipe-card",
      },
      "ref": null,
      "rendered": Array [
        Object {
          "instance": null,
          "key": undefined,
          "nodeType": "host",
          "props": Object {
            "children": "neat test",
          },
          "ref": null,
          "rendered": "neat test",
          "type": "h2",
        },
        Object {
          "instance": null,
          "key": undefined,
          "nodeType": "host",
          "props": Object {
            "children": "neat publisher",
          },
          "ref": null,
          "rendered": "neat publisher",
          "type": "p",
        },
        Object {
          "instance": null,
          "key": undefined,
          "nodeType": "host",
          "props": Object {
            "children": Array [
              <li>
                neat ingredients
</li>,
            ],
          },
          "ref": null,
          "rendered": Array [
            Object {
              "instance": null,
              "key": "0",
              "nodeType": "host",
              "props": Object {
                "children": "neat ingredients",
              },
              "ref": null,
              "rendered": "neat ingredients",
              "type": "li",
            },
          ],
          "type": "ul",
        },
        Object {
          "instance": null,
          "key": undefined,
          "nodeType": "host",
          "props": Object {
            "children": "Save Recipe",
            "className": "save-recipe-btn",
            "disabled": false,
            "onClick": [Function],
          },
          "ref": null,
          "rendered": "Save Recipe",
          "type": "button",
        },
        Object {
          "instance": null,
          "key": undefined,
          "nodeType": "host",
          "props": Object {
            "children": "Directions",
            "className": "directions-link",
            "href": "www.com",
          },
          "ref": null,
          "rendered": "Directions",
          "type": "a",
        },
      ],
      "type": "div",
    },
  ],
  Symbol(enzyme.__options__): Object {
    "adapter": ReactSixteenAdapter {
      "options": Object {
        "enableComponentDidUpdateOnSetState": true,
      },
    },
  },
}
`;
