// Jest Snapshot v1, https://goo.gl/fbAQLP

exports[`SignInForm should match the snapShot 1`] = `
ShallowWrapper {
  "length": 1,
  Symbol(enzyme.__root__): [Circular],
  Symbol(enzyme.__unrendered__): <SignInPage />,
  Symbol(enzyme.__renderer__): Object {
    "batchedUpdates": [Function],
    "getNode": [Function],
    "render": [Function],
    "simulateEvent": [Function],
    "unmount": [Function],
  },
  Symbol(enzyme.__node__): Object {
    "instance": null,
    "key": undefined,
    "nodeType": "host",
    "props": Object {
      "children": Array [
        <h2>
          SignIn
</h2>,
        <form
          onSubmit={[Function]}
>
          <input
                    name="email"
                    onChange={[Function]}
                    placeholder="Email Address"
                    type="text"
                    value=""
          />
          <input
                    name="password"
                    onChange={[Function]}
                    placeholder="Password"
                    type="password"
                    value=""
          />
          <button
                    disabled={true}
                    type="submit"
          >
                    Sign In
          </button>
          <p>
                    Don't have an account?
                    <Link
                              replace={false}
                              to="/signUp"
                    >
                               Sign Up
                    </Link>
          </p>
          <p />
</form>,
      ],
      "className": "sign-in",
    },
    "ref": null,
    "rendered": Array [
      Object {
        "instance": null,
        "key": undefined,
        "nodeType": "host",
        "props": Object {
          "children": "SignIn",
        },
        "ref": null,
        "rendered": "SignIn",
        "type": "h2",
      },
      Object {
        "instance": null,
        "key": undefined,
        "nodeType": "host",
        "props": Object {
          "children": Array [
            <input
              name="email"
              onChange={[Function]}
              placeholder="Email Address"
              type="text"
              value=""
/>,
            <input
              name="password"
              onChange={[Function]}
              placeholder="Password"
              type="password"
              value=""
/>,
            <button
              disabled={true}
              type="submit"
>
              Sign In
</button>,
            <p>
              Don't have an account?
              <Link
                            replace={false}
                            to="/signUp"
              >
                             Sign Up
              </Link>
</p>,
            <p />,
          ],
          "onSubmit": [Function],
        },
        "ref": null,
        "rendered": Array [
          Object {
            "instance": null,
            "key": undefined,
            "nodeType": "host",
            "props": Object {
              "name": "email",
              "onChange": [Function],
              "placeholder": "Email Address",
              "type": "text",
              "value": "",
            },
            "ref": null,
            "rendered": null,
            "type": "input",
          },
          Object {
            "instance": null,
            "key": undefined,
            "nodeType": "host",
            "props": Object {
              "name": "password",
              "onChange": [Function],
              "placeholder": "Password",
              "type": "password",
              "value": "",
            },
            "ref": null,
            "rendered": null,
            "type": "input",
          },
          Object {
            "instance": null,
            "key": undefined,
            "nodeType": "host",
            "props": Object {
              "children": "Sign In",
              "disabled": true,
              "type": "submit",
            },
            "ref": null,
            "rendered": "Sign In",
            "type": "button",
          },
          Object {
            "instance": null,
            "key": undefined,
            "nodeType": "host",
            "props": Object {
              "children": Array [
                "Don't have an account?",
                <Link
                  replace={false}
                  to="/signUp"
>
                   Sign Up
</Link>,
              ],
            },
            "ref": null,
            "rendered": Array [
              "Don't have an account?",
              Object {
                "instance": null,
                "key": undefined,
                "nodeType": "class",
                "props": Object {
                  "children": " Sign Up",
                  "replace": false,
                  "to": "/signUp",
                },
                "ref": null,
                "rendered": " Sign Up",
                "type": [Function],
              },
            ],
            "type": "p",
          },
          Object {
            "instance": null,
            "key": undefined,
            "nodeType": "host",
            "props": Object {
              "children": null,
            },
            "ref": null,
            "rendered": null,
            "type": "p",
          },
        ],
        "type": "form",
      },
    ],
    "type": "div",
  },
  Symbol(enzyme.__nodes__): Array [
    Object {
      "instance": null,
      "key": undefined,
      "nodeType": "host",
      "props": Object {
        "children": Array [
          <h2>
            SignIn
</h2>,
          <form
            onSubmit={[Function]}
>
            <input
                        name="email"
                        onChange={[Function]}
                        placeholder="Email Address"
                        type="text"
                        value=""
            />
            <input
                        name="password"
                        onChange={[Function]}
                        placeholder="Password"
                        type="password"
                        value=""
            />
            <button
                        disabled={true}
                        type="submit"
            >
                        Sign In
            </button>
            <p>
                        Don't have an account?
                        <Link
                                    replace={false}
                                    to="/signUp"
                        >
                                     Sign Up
                        </Link>
            </p>
            <p />
</form>,
        ],
        "className": "sign-in",
      },
      "ref": null,
      "rendered": Array [
        Object {
          "instance": null,
          "key": undefined,
          "nodeType": "host",
          "props": Object {
            "children": "SignIn",
          },
          "ref": null,
          "rendered": "SignIn",
          "type": "h2",
        },
        Object {
          "instance": null,
          "key": undefined,
          "nodeType": "host",
          "props": Object {
            "children": Array [
              <input
                name="email"
                onChange={[Function]}
                placeholder="Email Address"
                type="text"
                value=""
/>,
              <input
                name="password"
                onChange={[Function]}
                placeholder="Password"
                type="password"
                value=""
/>,
              <button
                disabled={true}
                type="submit"
>
                Sign In
</button>,
              <p>
                Don't have an account?
                <Link
                                replace={false}
                                to="/signUp"
                >
                                 Sign Up
                </Link>
</p>,
              <p />,
            ],
            "onSubmit": [Function],
          },
          "ref": null,
          "rendered": Array [
            Object {
              "instance": null,
              "key": undefined,
              "nodeType": "host",
              "props": Object {
                "name": "email",
                "onChange": [Function],
                "placeholder": "Email Address",
                "type": "text",
                "value": "",
              },
              "ref": null,
              "rendered": null,
              "type": "input",
            },
            Object {
              "instance": null,
              "key": undefined,
              "nodeType": "host",
              "props": Object {
                "name": "password",
                "onChange": [Function],
                "placeholder": "Password",
                "type": "password",
                "value": "",
              },
              "ref": null,
              "rendered": null,
              "type": "input",
            },
            Object {
              "instance": null,
              "key": undefined,
              "nodeType": "host",
              "props": Object {
                "children": "Sign In",
                "disabled": true,
                "type": "submit",
              },
              "ref": null,
              "rendered": "Sign In",
              "type": "button",
            },
            Object {
              "instance": null,
              "key": undefined,
              "nodeType": "host",
              "props": Object {
                "children": Array [
                  "Don't have an account?",
                  <Link
                    replace={false}
                    to="/signUp"
>
                     Sign Up
</Link>,
                ],
              },
              "ref": null,
              "rendered": Array [
                "Don't have an account?",
                Object {
                  "instance": null,
                  "key": undefined,
                  "nodeType": "class",
                  "props": Object {
                    "children": " Sign Up",
                    "replace": false,
                    "to": "/signUp",
                  },
                  "ref": null,
                  "rendered": " Sign Up",
                  "type": [Function],
                },
              ],
              "type": "p",
            },
            Object {
              "instance": null,
              "key": undefined,
              "nodeType": "host",
              "props": Object {
                "children": null,
              },
              "ref": null,
              "rendered": null,
              "type": "p",
            },
          ],
          "type": "form",
        },
      ],
      "type": "div",
    },
  ],
  Symbol(enzyme.__options__): Object {
    "adapter": ReactSixteenAdapter {
      "options": Object {
        "enableComponentDidUpdateOnSetState": true,
      },
    },
  },
}
`;
